PS C:\Users\PC_User> cd C:\Users\PC_User\Desktop\samurai
PS C:\Users\PC_User\Desktop\samurai> mkdir git_challenge

----                 -------------         ------ ----


PS C:\Users\PC_User\Desktop\samurai> cd git_challenge
PS C:\Users\PC_User\Desktop\samurai\git_challenge> git init
Initialized empty Git repository in C:/Users/PC_User/Desktop/samurai/git_challenge/.git/
PS C:\Users\PC_User\Desktop\samurai\git_challenge> git add hello_world.txt
PS C:\Users\PC_User\Desktop\samurai\git_challenge> git commit -m "hello_world.txtを追 
加"
[main (root-commit) 2a35c3d] hello_world.txtを追加
 1 file changed, 1 insertion(+)
 create mode 100644 hello_world.txt
PS C:\Users\PC_User\Desktop\samurai\git_challenge> git add hello_world.txt
PS C:\Users\PC_User\Desktop\samurai\git_challenge> git commit -m "日本語訳を追記”     
[main cd84dfe] 日本語訳を追記
 1 file changed, 2 insertions(+), 1 deletion(-)
PS C:\Users\PC_User\Desktop\samurai\git_challenge> git log --oneline
cd84dfe (HEAD -> main) 日本語訳を追記
2a35c3d hello_world.txtを追加
